  ✓ [Review] 无认证审核 → 401: HTTP 401
